// Jest Snapshot v1, https://goo.gl/fbAQLP

exports[`Radio Group should render correctly 1`] = `
"<div><div class=\\"radio-group \\"><div class=\\"radio \\"><label><input type=\\"radio\\" value=\\"1\\"><span class=\\"name\\">1</span><span class=\\"point\\"></span></label><style>
        input {
          opacity: 0;
          visibility: hidden;
          overflow: hidden;
          width: 1px;
          height: 1px;
          top: -1000px;
          right: -1000px;
          position: fixed;
        }

        .radio {
          display: flex;
          width: initial;
          align-items: flex-start;
          line-height: 1.5rem;
          position: relative;
        }

        label {
          display: flex;
          flex-direction: column;
          justify-content: flex-start;
          margin-left: 1.375rem;
          color: #000;
          cursor: pointer;
        }

        .name {
          font-size: 1rem;
          font-weight: bold;
          user-select: none;
        }

        .point {
          position: absolute;
          left: 0;
          top: 6px;
          height: 0.875rem;
          width: 0.875rem;
          border-radius: 50%;
          border: 1px solid #eaeaea;
          transition: all 0.2s ease 0s;
        }

        .point:before {
          content: '';
          position: absolute;
          left: -1px;
          top: -1px;
          height: 0.875rem;
          width: 0.875rem;
          border-radius: 50%;
          transform: scale(1);
          transition: all 0.2s ease;
          background-color: #000;
        }
      </style></div><div class=\\"radio \\"><label><input type=\\"radio\\" value=\\"2\\"><span class=\\"name\\">2</span><span class=\\"point\\"></span></label><style>
        input {
          opacity: 0;
          visibility: hidden;
          overflow: hidden;
          width: 1px;
          height: 1px;
          top: -1000px;
          right: -1000px;
          position: fixed;
        }

        .radio {
          display: flex;
          width: initial;
          align-items: flex-start;
          line-height: 1.5rem;
          position: relative;
        }

        label {
          display: flex;
          flex-direction: column;
          justify-content: flex-start;
          margin-left: 1.375rem;
          color: #000;
          cursor: pointer;
        }

        .name {
          font-size: 1rem;
          font-weight: bold;
          user-select: none;
        }

        .point {
          position: absolute;
          left: 0;
          top: 6px;
          height: 0.875rem;
          width: 0.875rem;
          border-radius: 50%;
          border: 1px solid #eaeaea;
          transition: all 0.2s ease 0s;
        }

        .point:before {
          content: '';
          position: absolute;
          left: -1px;
          top: -1px;
          height: 0.875rem;
          width: 0.875rem;
          border-radius: 50%;
          transform: scale(0);
          transition: all 0.2s ease;
          background-color: #000;
        }
      </style></div></div><style>
        .radio-group {
          display: flex;
          flex-direction: column;
        }

        .radio-group :global(.radio) {
          margin-top: 16pt;
          margin-left: 0;
        }

        .radio-group :global(.radio:first-of-type) {
          margin: 0;
        }
      </style><div class=\\"radio-group \\"><div class=\\"radio \\"><label><input type=\\"radio\\" value=\\"1\\"><span class=\\"name\\">1</span><span class=\\"point\\"></span></label><style>
        input {
          opacity: 0;
          visibility: hidden;
          overflow: hidden;
          width: 1px;
          height: 1px;
          top: -1000px;
          right: -1000px;
          position: fixed;
        }

        .radio {
          display: flex;
          width: initial;
          align-items: flex-start;
          line-height: 1.5rem;
          position: relative;
        }

        label {
          display: flex;
          flex-direction: column;
          justify-content: flex-start;
          margin-left: 1.375rem;
          color: #000;
          cursor: pointer;
        }

        .name {
          font-size: 1rem;
          font-weight: bold;
          user-select: none;
        }

        .point {
          position: absolute;
          left: 0;
          top: 6px;
          height: 0.875rem;
          width: 0.875rem;
          border-radius: 50%;
          border: 1px solid #eaeaea;
          transition: all 0.2s ease 0s;
        }

        .point:before {
          content: '';
          position: absolute;
          left: -1px;
          top: -1px;
          height: 0.875rem;
          width: 0.875rem;
          border-radius: 50%;
          transform: scale(1);
          transition: all 0.2s ease;
          background-color: #000;
        }
      </style></div><div class=\\"radio \\"><label><input type=\\"radio\\" value=\\"2\\"><span class=\\"name\\">2</span><span class=\\"point\\"></span></label><style>
        input {
          opacity: 0;
          visibility: hidden;
          overflow: hidden;
          width: 1px;
          height: 1px;
          top: -1000px;
          right: -1000px;
          position: fixed;
        }

        .radio {
          display: flex;
          width: initial;
          align-items: flex-start;
          line-height: 1.5rem;
          position: relative;
        }

        label {
          display: flex;
          flex-direction: column;
          justify-content: flex-start;
          margin-left: 1.375rem;
          color: #000;
          cursor: pointer;
        }

        .name {
          font-size: 1rem;
          font-weight: bold;
          user-select: none;
        }

        .point {
          position: absolute;
          left: 0;
          top: 6px;
          height: 0.875rem;
          width: 0.875rem;
          border-radius: 50%;
          border: 1px solid #eaeaea;
          transition: all 0.2s ease 0s;
        }

        .point:before {
          content: '';
          position: absolute;
          left: -1px;
          top: -1px;
          height: 0.875rem;
          width: 0.875rem;
          border-radius: 50%;
          transform: scale(0);
          transition: all 0.2s ease;
          background-color: #000;
        }
      </style></div></div><style>
        .radio-group {
          display: flex;
          flex-direction: col;
        }

        .radio-group :global(.radio) {
          margin-top: 0;
          margin-left: 16pt;
        }

        .radio-group :global(.radio:first-of-type) {
          margin: 0;
        }
      </style></div>"
`;
