// Jest Snapshot v1, https://goo.gl/fbAQLP

exports[`Text should render P element in the default 1`] = `
"<p class=\\"\\">test-value</p><style>
        p {
          color: inherit;
        }
      </style>"
`;

exports[`Text should render default color when type missing 1`] = `
"<p class=\\"\\">test-value</p><style>
        p {
          color: inherit;
        }
      </style>"
`;

exports[`Text should work with different styles 1`] = `
"<div><p class=\\"\\">test-value</p><style>
        p {
          color: #666;
        }
      </style><p class=\\"\\">test-value</p><style>
        p {
          color: #0070f3;
        }
      </style><p class=\\"\\">test-value</p><style>
        p {
          color: #f5a623;
        }
      </style><p class=\\"\\">test-value</p><style>
        p {
          color: #ff0000;
        }
      </style></div>"
`;

exports[`Text the combined style should be rendered 1`] = `
"<p class=\\"\\"><b class=\\"\\"><del class=\\"\\">test-value</del><style>
        del {
          color: inherit;
        }
      </style></b><style>
        b {
          color: inherit;
        }
      </style></p><style>
        p {
          color: inherit;
        }
      </style>"
`;

exports[`Text the specified element should be rendered 1`] = `
"<div><h1 class=\\"\\">test-value</h1><style>
        h1 {
          color: inherit;
        }
      </style><h2 class=\\"\\">test-value</h2><style>
        h2 {
          color: inherit;
        }
      </style><h3 class=\\"\\">test-value</h3><style>
        h3 {
          color: inherit;
        }
      </style><h4 class=\\"\\">test-value</h4><style>
        h4 {
          color: inherit;
        }
      </style><h5 class=\\"\\">test-value</h5><style>
        h5 {
          color: inherit;
        }
      </style><h6 class=\\"\\">test-value</h6><style>
        h6 {
          color: inherit;
        }
      </style><p class=\\"\\">test-value</p><style>
        p {
          color: inherit;
        }
      </style><small class=\\"\\"><small class=\\"\\">test-value</small><style>
        small {
          color: inherit;
        }
      </style></small><style>
        small {
          color: inherit;
        }
      </style><span class=\\"\\">test-value</span><style>
        span {
          color: inherit;
        }
      </style><del class=\\"\\">test-value</del><style>
        del {
          color: inherit;
        }
      </style><i class=\\"\\">test-value</i><style>
        i {
          color: inherit;
        }
      </style><em class=\\"\\">test-value</em><style>
        em {
          color: inherit;
        }
      </style><b class=\\"\\">test-value</b><style>
        b {
          color: inherit;
        }
      </style></div>"
`;
